# serializer version: 1
# name: test_render_api_billing
  'Opus 4.6 (1M context) ~/code/ducktape $2.41 ctx:7%'
# ---
# name: test_render_minimal
  'unknown  $0.00'
# ---
# name: test_render_subscription
  'Opus 4.6 (1M context) ~/code/ducktape ctx:7% 7d:30% rst 4d02h'
# ---
# name: test_render_subscription_high_usage
  'Opus 4.6 (1M context) ~/code/ducktape ctx:7% 5h:85% 7d:80% rst 2d00h dry 1d06h'
# ---
