# serializer version: 1
# name: test_binary_file_no_diff
  '''
  test.bin:
    Not auto-applied (would also edit): binfixer
  '''
# ---
# name: test_fixer_modifies_checker_fails
  '''
  test.py:
    Not auto-applied (would also edit): fixer
    Failed (not applied):
      checker (exit 1)
  Run `pre-commit run --files test.py` to apply fixes.
  '''
# ---
# name: test_only_checker_fails
  '''
  test.py:
    Failed (not applied):
      checker (exit 1)
  Run `pre-commit run --files test.py` to apply fixes.
  '''
# ---
