# serializer version: 1
# name: test_fixer_modifies_checker_fails
  '''
  test.py:
    Not auto-applied (would also edit): fixer (foo->bar)
    checker (no BANNED) (exit 1)
      test.py: contains BANNED keyword
  Run `pre-commit run --files test.py` to apply fixes.
  '''
# ---
# name: test_only_checker_fails
  '''
  test.py:
    checker (no BANNED) (exit 1)
      test.py: contains BANNED keyword
  Run `pre-commit run --files test.py` to apply fixes.
  '''
# ---
