# serializer version: 1
# name: test_format_auto_applied_only
  '''
  test.py:
    Auto-applied: ruff-format
  '''
# ---
# name: test_format_mixed_auto_apply_and_report
  '''
  test.py:
    Auto-applied: ruff-format
    ruff-check (exit 1)
      F401 unused import
  Run `pre-commit run --files test.py` to apply fixes.
  '''
# ---
# name: test_format_non_zero_exit
  '''
  test.py:
    mypy (exit 1)
      type error
  Run `pre-commit run --files test.py` to apply fixes.
  '''
# ---
# name: test_format_report_only_failure
  '''
  test.py:
    Not auto-applied (would also edit): ruff-format
  '''
# ---
# name: test_format_with_diff
  '''
  test.py:
    Not auto-applied (would also edit): fixer
  Changes pre-commit would make:
  @@ -1 +1 @@
  -x=1
  +x = 1
  '''
# ---
